---
source: crates/sigil-core/src/event.rs
assertion_line: 315
expression: line
---
{"schema_version":1,"event_id":"01910f5a-1234-7890-abcd-ef0123456789","ts":"2026-05-08T14:23:45.123Z","host_id":"5A7C3E91-FIXED-FOR-SNAPSHOT","agent_version":"0.1.0","severity":"warn","source":{"kind":"file_system"},"subject":{"kind":"path","value":"/Users/alice/.claude.json"},"evidence":{"kind":"file_change","change_kind":"modified","before_hash":"a1b2c3","after_hash":"d4e5f6","recheck_hash":"d4e5f6","rename_from":null,"size_after":1843,"evidence_quality":"definitive"},"target_id":"claude-desktop-config-macos"}
